c:\users\lenovo\desktop\sharpie\sharpie\x64\debug\vc143.pdb
c:\users\lenovo\desktop\sharpie\sharpie\x64\debug\vc143.idb
c:\users\lenovo\desktop\sharpie\sharpie\x64\debug\variabledata.obj
c:\users\lenovo\desktop\sharpie\sharpie\x64\debug\split.obj
c:\users\lenovo\desktop\sharpie\sharpie\x64\debug\sharpie.obj
c:\users\lenovo\desktop\sharpie\sharpie\x64\debug\scopemanager.obj
c:\users\lenovo\desktop\sharpie\sharpie\x64\debug\scope.obj
c:\users\lenovo\desktop\sharpie\sharpie\x64\debug\lexer.obj
c:\users\lenovo\desktop\sharpie\sharpie\x64\debug\interpretter.obj
c:\users\lenovo\desktop\sharpie\sharpie\x64\debug\stringmicrointerpreter.obj
c:\users\lenovo\desktop\sharpie\x64\debug\sharpie.exe
c:\users\lenovo\desktop\sharpie\x64\debug\sharpie.pdb
c:\users\lenovo\desktop\sharpie\sharpie\x64\debug\sharpie.res
c:\users\lenovo\desktop\sharpie\sharpie\x64\debug\sharpie.ilk
c:\users\lenovo\desktop\sharpie\sharpie\x64\debug\functiondata.obj
c:\users\lenovo\desktop\sharpie\sharpie\x64\debug\microinterpreter.obj
c:\users\lenovo\desktop\sharpie\sharpie\x64\debug\standardlibfunctiondata.obj
c:\users\lenovo\desktop\sharpie\sharpie\x64\debug\interpretter.obj.enc
c:\users\lenovo\desktop\sharpie\sharpie\x64\debug\sharpie.obj.enc
c:\users\lenovo\desktop\sharpie\sharpie\x64\debug\sharpie.tlog\cl.command.1.tlog
c:\users\lenovo\desktop\sharpie\sharpie\x64\debug\sharpie.tlog\cl.items.tlog
c:\users\lenovo\desktop\sharpie\sharpie\x64\debug\sharpie.tlog\cl.read.1.tlog
c:\users\lenovo\desktop\sharpie\sharpie\x64\debug\sharpie.tlog\cl.write.1.tlog
c:\users\lenovo\desktop\sharpie\sharpie\x64\debug\sharpie.tlog\link.command.1.tlog
c:\users\lenovo\desktop\sharpie\sharpie\x64\debug\sharpie.tlog\link.read.1.tlog
c:\users\lenovo\desktop\sharpie\sharpie\x64\debug\sharpie.tlog\link.secondary.1.tlog
c:\users\lenovo\desktop\sharpie\sharpie\x64\debug\sharpie.tlog\link.write.1.tlog
c:\users\lenovo\desktop\sharpie\sharpie\x64\debug\sharpie.tlog\rc.command.1.tlog
c:\users\lenovo\desktop\sharpie\sharpie\x64\debug\sharpie.tlog\rc.read.1.tlog
c:\users\lenovo\desktop\sharpie\sharpie\x64\debug\sharpie.tlog\rc.write.1.tlog
